// Jest Snapshot v1, https://goo.gl/fbAQLP

exports[`UserPool should create a user 1`] = `
{
  "salt": "fc5f4d0bb754777037c53c901e87e0e6",
  "username": "testuser",
  "verifier": "8496d34afeac608ea6300f7937219eb33e1bcf5f0ad5c3e0e34abb35831358b18f92939bbe68667051847a9905a8d4bcd81a03dcc0b97af115b0fbe877c450073597b88ae39d04b0b87108f72fdab80c31418d010ba21440b53ac4bdaf08db8f1b39944e009b760f86bbc3d368a10c04758b693afbce20d1ba46002c496e9b48f6783d7acfd9e2ccfbd7a72eb8f615083a1f3a38be035ec2a96baa099854131c3b667a259f8391782dec1fcbab060962b30779903982006d9389b8ba384383441bac6e7ca5dc1980f8ab5981c46e4c58a8a3ca008aedb4feb015200d0fc64f6eb6378c77d59bfb27a4a1a7c454edf032a06f62ee99a905db0a2dccf129988a9613c12303be108c89d54e727a8bf4e40f1b90785bcaa392b982c9a75d02b458fc471ea1715fe6248a903e58cde4bf4ae18e9f4d3ce0413155d3b3ac7062d2f131121cad614d2481a3e71eb0d4a6ef0d8f1f6f3e796d18a36b2fb59a9d51ffa0aa114a12f59d7d6f9c6a7861a610a50d7b5e7b768847a2b8b9a5e89884448085ce",
}
`;
